// Jest Snapshot v1, https://goo.gl/fbAQLP

exports[`screen - renders correctly 1`] = `[Function]`;
