// Jest Snapshot v1, https://goo.gl/fbAQLP

exports[`ConfigOverrideChip - renders correctly 1`] = `
<DocumentFragment>
  <div
    class="config-override-chip-rct-component group p-3 outline-1 rounded-[--radii-md] outline-[--stroke-subtle] text-base hover:outline flex flex-row gap-2 cursor-pointer"
  >
    <span
      class="flex-grow truncate w-1/2"
    >
      Test
    </span>
  </div>
</DocumentFragment>
`;
