// Jest Snapshot v1, https://goo.gl/fbAQLP

exports[`ProtectedRouteElementWrapper snapshot 1`] = `<DocumentFragment />`;
